
[DEBUG Subtraction] Found 2 Under Pass cavities for Material M2
[DEBUG Subtraction] Total points in material mesh: 164
[DEBUG Subtraction] Cavity 'UP_101_020_797': world_center=[387213.6971240551, 2060894.6227065225, 598.2737160177197], hw=4.3, hl=11.0, hh=2.25, cz=0.050000000000000044
[DEBUG Subtraction] Sample Pt 0: World=(387204.0, 2060874.5, 601.7360229492188), Local=(-19.97, 10.00, 3.46)
[DEBUG Subtraction] Sample Pt 1: World=(387224.0, 2060874.75, 601.7360229492188), Local=(-20.03, -10.00, 3.46)
[DEBUG Subtraction] Sample Pt 2: World=(387204.0, 2060874.5, 595.7553100585938), Local=(-19.97, 10.00, -2.52)
[DEBUG Subtraction] Sample Pt 3: World=(387224.0, 2060874.75, 595.7553100585938), Local=(-20.03, -10.00, -2.52)
[DEBUG Subtraction] Sample Pt 4: World=(387204.0, 2060875.0, 601.736328125), Local=(-19.47, 9.99, 3.46)
[DEBUG Subtraction] Cavity 'UP_101_040_607': world_center=[387213.394248, 2060914.620413, 598.298897], hw=4.3, hl=11.0, hh=2.25, cz=0.05
[DEBUG Subtraction] Sample Pt 0: World=(387204.0, 2060874.5, 601.7360229492188), Local=(-39.97, 10.00, 3.44)
[DEBUG Subtraction] Sample Pt 1: World=(387224.0, 2060874.75, 601.7360229492188), Local=(-40.03, -10.00, 3.44)
[DEBUG Subtraction] Sample Pt 2: World=(387204.0, 2060874.5, 595.7553100585938), Local=(-39.97, 10.00, -2.54)
[DEBUG Subtraction] Sample Pt 3: World=(387224.0, 2060874.75, 595.7553100585938), Local=(-40.03, -10.00, -2.54)
[DEBUG Subtraction] Sample Pt 4: World=(387204.0, 2060875.0, 601.736328125), Local=(-39.47, 9.99, 3.44)
[DEBUG Subtraction] Total points inside cavity: 0
[DEBUG Subtraction] Total cells before subtraction: 162
[DEBUG Subtraction] Total cells after subtraction: 162 (Removed: 0)

[DEBUG Subtraction] Found 2 Under Pass cavities for Material M2
[DEBUG Subtraction] Total points in material mesh: 164
[DEBUG Subtraction] Cavity 'UP_101_020_797': world_center=[387213.6971240551, 2060894.6227065225, 598.2737160177197], hw=4.3, hl=11.0, hh=2.25, cz=0.050000000000000044
[DEBUG Subtraction] Sample Pt 0: World=(387203.6875, 2060894.5, 601.7479858398438), Local=(0.03, 10.01, 3.47)
[DEBUG Subtraction] Sample Pt 1: World=(387223.6875, 2060894.75, 601.7479858398438), Local=(-0.02, -9.99, 3.47)
[DEBUG Subtraction] Sample Pt 2: World=(387203.6875, 2060894.5, 595.8660278320312), Local=(0.03, 10.01, -2.41)
[DEBUG Subtraction] Sample Pt 3: World=(387223.6875, 2060894.75, 595.8660278320312), Local=(-0.02, -9.99, -2.41)
[DEBUG Subtraction] Sample Pt 4: World=(387203.6875, 2060895.0, 601.748291015625), Local=(0.53, 10.00, 3.47)
[DEBUG Subtraction] Cavity 'UP_101_040_607': world_center=[387213.394248, 2060914.620413, 598.298897], hw=4.3, hl=11.0, hh=2.25, cz=0.05
[DEBUG Subtraction] Sample Pt 0: World=(387203.6875, 2060894.5, 601.7479858398438), Local=(-19.97, 10.01, 3.45)
[DEBUG Subtraction] Sample Pt 1: World=(387223.6875, 2060894.75, 601.7479858398438), Local=(-20.02, -9.99, 3.45)
[DEBUG Subtraction] Sample Pt 2: World=(387203.6875, 2060894.5, 595.8660278320312), Local=(-19.97, 10.01, -2.43)
[DEBUG Subtraction] Sample Pt 3: World=(387223.6875, 2060894.75, 595.8660278320312), Local=(-20.02, -9.99, -2.43)
[DEBUG Subtraction] Sample Pt 4: World=(387203.6875, 2060895.0, 601.748291015625), Local=(-19.47, 10.00, 3.45)
[DEBUG Subtraction] Total points inside cavity: 0
[DEBUG Subtraction] Total cells before subtraction: 162
[DEBUG Subtraction] Total cells after subtraction: 162 (Removed: 0)

[DEBUG Subtraction] Found 2 Under Pass cavities for Material M2
[DEBUG Subtraction] Total points in material mesh: 164
[DEBUG Subtraction] Cavity 'UP_101_020_797': world_center=[387213.6971240551, 2060894.6227065225, 598.2737160177197], hw=4.3, hl=11.0, hh=2.25, cz=0.050000000000000044
[DEBUG Subtraction] Sample Pt 0: World=(387203.40625, 2060914.5, 601.7589721679688), Local=(20.03, 9.99, 3.49)
[DEBUG Subtraction] Sample Pt 1: World=(387223.40625, 2060914.75, 601.7589721679688), Local=(19.98, -10.01, 3.49)
[DEBUG Subtraction] Sample Pt 2: World=(387203.40625, 2060914.5, 595.8660278320312), Local=(20.03, 9.99, -2.41)
[DEBUG Subtraction] Sample Pt 3: World=(387223.40625, 2060914.75, 595.8660278320312), Local=(19.98, -10.01, -2.41)
[DEBUG Subtraction] Sample Pt 4: World=(387203.375, 2060915.0, 601.75927734375), Local=(20.53, 10.01, 3.49)
[DEBUG Subtraction] Cavity 'UP_101_040_607': world_center=[387213.394248, 2060914.620413, 598.298897], hw=4.3, hl=11.0, hh=2.25, cz=0.05
[DEBUG Subtraction] Sample Pt 0: World=(387203.40625, 2060914.5, 601.7589721679688), Local=(0.03, 9.99, 3.46)
[DEBUG Subtraction] Sample Pt 1: World=(387223.40625, 2060914.75, 601.7589721679688), Local=(-0.02, -10.01, 3.46)
[DEBUG Subtraction] Sample Pt 2: World=(387203.40625, 2060914.5, 595.8660278320312), Local=(0.03, 9.99, -2.43)
[DEBUG Subtraction] Sample Pt 3: World=(387223.40625, 2060914.75, 595.8660278320312), Local=(-0.02, -10.01, -2.43)
[DEBUG Subtraction] Sample Pt 4: World=(387203.375, 2060915.0, 601.75927734375), Local=(0.53, 10.01, 3.46)
[DEBUG Subtraction] Total points inside cavity: 0
[DEBUG Subtraction] Total cells before subtraction: 162
[DEBUG Subtraction] Total cells after subtraction: 162 (Removed: 0)

[DEBUG Subtraction] Found 2 Under Pass cavities for Material M2
[DEBUG Subtraction] Total points in material mesh: 164
[DEBUG Subtraction] Cavity 'UP_101_020_797': world_center=[387213.6971240551, 2060894.6227065225, 598.2737160177197], hw=4.3, hl=11.0, hh=2.25, cz=0.050000000000000044
[DEBUG Subtraction] Sample Pt 0: World=(387203.09375, 2060934.5, 601.77001953125), Local=(40.03, 10.00, 3.50)
[DEBUG Subtraction] Sample Pt 1: World=(387223.09375, 2060934.75, 601.77001953125), Local=(39.98, -10.00, 3.50)
[DEBUG Subtraction] Sample Pt 2: World=(387203.09375, 2060934.5, 595.8291625976562), Local=(40.03, 10.00, -2.44)
[DEBUG Subtraction] Sample Pt 3: World=(387223.09375, 2060934.75, 595.8291625976562), Local=(39.98, -10.00, -2.44)
[DEBUG Subtraction] Sample Pt 4: World=(387203.09375, 2060935.0, 601.7703247070312), Local=(40.53, 9.99, 3.50)
[DEBUG Subtraction] Cavity 'UP_101_040_607': world_center=[387213.394248, 2060914.620413, 598.298897], hw=4.3, hl=11.0, hh=2.25, cz=0.05
[DEBUG Subtraction] Sample Pt 0: World=(387203.09375, 2060934.5, 601.77001953125), Local=(20.03, 10.00, 3.47)
[DEBUG Subtraction] Sample Pt 1: World=(387223.09375, 2060934.75, 601.77001953125), Local=(19.98, -10.00, 3.47)
[DEBUG Subtraction] Sample Pt 2: World=(387203.09375, 2060934.5, 595.8291625976562), Local=(20.03, 10.00, -2.47)
[DEBUG Subtraction] Sample Pt 3: World=(387223.09375, 2060934.75, 595.8291625976562), Local=(19.98, -10.00, -2.47)
[DEBUG Subtraction] Sample Pt 4: World=(387203.09375, 2060935.0, 601.7703247070312), Local=(20.53, 9.99, 3.47)
[DEBUG Subtraction] Total points inside cavity: 0
[DEBUG Subtraction] Total cells before subtraction: 162
[DEBUG Subtraction] Total cells after subtraction: 162 (Removed: 0)

[DEBUG Subtraction] Found 2 Under Pass cavities for Material M2
[DEBUG Subtraction] Total points in material mesh: 164
[DEBUG Subtraction] Cavity 'UP_101_020_797': world_center=[387213.6971240551, 2060894.6227065225, 598.2737160177197], hw=4.3, hl=11.0, hh=2.25, cz=0.050000000000000044
[DEBUG Subtraction] Sample Pt 0: World=(387202.78125, 2060954.5, 601.781982421875), Local=(60.04, 10.01, 3.51)
[DEBUG Subtraction] Sample Pt 1: World=(387222.78125, 2060954.75, 601.781982421875), Local=(59.98, -9.99, 3.51)
[DEBUG Subtraction] Sample Pt 2: World=(387202.78125, 2060954.5, 595.8291625976562), Local=(60.04, 10.01, -2.44)
[DEBUG Subtraction] Sample Pt 3: World=(387222.78125, 2060954.75, 595.8291625976562), Local=(59.98, -9.99, -2.44)
[DEBUG Subtraction] Sample Pt 4: World=(387202.78125, 2060955.0, 601.7822875976562), Local=(60.54, 10.00, 3.51)
[DEBUG Subtraction] Cavity 'UP_101_040_607': world_center=[387213.394248, 2060914.620413, 598.298897], hw=4.3, hl=11.0, hh=2.25, cz=0.05
[DEBUG Subtraction] Sample Pt 0: World=(387202.78125, 2060954.5, 601.781982421875), Local=(40.04, 10.01, 3.48)
[DEBUG Subtraction] Sample Pt 1: World=(387222.78125, 2060954.75, 601.781982421875), Local=(39.98, -9.99, 3.48)
[DEBUG Subtraction] Sample Pt 2: World=(387202.78125, 2060954.5, 595.8291625976562), Local=(40.04, 10.01, -2.47)
[DEBUG Subtraction] Sample Pt 3: World=(387222.78125, 2060954.75, 595.8291625976562), Local=(39.98, -9.99, -2.47)
[DEBUG Subtraction] Sample Pt 4: World=(387202.78125, 2060955.0, 601.7822875976562), Local=(40.54, 10.00, 3.48)
[DEBUG Subtraction] Total points inside cavity: 0
[DEBUG Subtraction] Total cells before subtraction: 162
[DEBUG Subtraction] Total cells after subtraction: 162 (Removed: 0)

[DEBUG Subtraction] Found 2 Under Pass cavities for Material M2
[DEBUG Subtraction] Total points in material mesh: 164
[DEBUG Subtraction] Cavity 'UP_101_020_797': world_center=[387213.6971240551, 2060894.6227065225, 598.2737160177197], hw=4.3, hl=11.0, hh=2.25, cz=0.050000000000000044
[DEBUG Subtraction] Sample Pt 0: World=(387202.5, 2060974.5, 601.7930297851562), Local=(80.04, 9.99, 3.52)
[DEBUG Subtraction] Sample Pt 1: World=(387222.5, 2060974.75, 601.7930297851562), Local=(79.98, -10.02, 3.52)
[DEBUG Subtraction] Sample Pt 2: World=(387202.5, 2060974.5, 595.8660278320312), Local=(80.04, 9.99, -2.41)
[DEBUG Subtraction] Sample Pt 3: World=(387222.5, 2060974.75, 595.8660278320312), Local=(79.98, -10.02, -2.41)
[DEBUG Subtraction] Sample Pt 4: World=(387202.46875, 2060975.0, 601.7932739257812), Local=(80.54, 10.01, 3.52)
[DEBUG Subtraction] Cavity 'UP_101_040_607': world_center=[387213.394248, 2060914.620413, 598.298897], hw=4.3, hl=11.0, hh=2.25, cz=0.05
[DEBUG Subtraction] Sample Pt 0: World=(387202.5, 2060974.5, 601.7930297851562), Local=(60.04, 9.99, 3.49)
[DEBUG Subtraction] Sample Pt 1: World=(387222.5, 2060974.75, 601.7930297851562), Local=(59.98, -10.02, 3.49)
[DEBUG Subtraction] Sample Pt 2: World=(387202.5, 2060974.5, 595.8660278320312), Local=(60.04, 9.99, -2.43)
[DEBUG Subtraction] Sample Pt 3: World=(387222.5, 2060974.75, 595.8660278320312), Local=(59.98, -10.02, -2.43)
[DEBUG Subtraction] Sample Pt 4: World=(387202.46875, 2060975.0, 601.7932739257812), Local=(60.54, 10.01, 3.49)
[DEBUG Subtraction] Total points inside cavity: 0
[DEBUG Subtraction] Total cells before subtraction: 162
[DEBUG Subtraction] Total cells after subtraction: 162 (Removed: 0)

[DEBUG Subtraction] Found 2 Under Pass cavities for Material M2
[DEBUG Subtraction] Total points in material mesh: 164
[DEBUG Subtraction] Cavity 'UP_101_020_797': world_center=[387213.6971240551, 2060894.6227065225, 598.2737160177197], hw=4.3, hl=11.0, hh=2.25, cz=0.050000000000000044
[DEBUG Subtraction] Sample Pt 0: World=(387202.1875, 2060994.5, 601.8049926757812), Local=(100.04, 10.00, 3.53)
[DEBUG Subtraction] Sample Pt 1: World=(387222.1875, 2060994.75, 601.8049926757812), Local=(99.99, -10.01, 3.53)
[DEBUG Subtraction] Sample Pt 2: World=(387202.1875, 2060994.5, 595.9029541015625), Local=(100.04, 10.00, -2.37)
[DEBUG Subtraction] Sample Pt 3: World=(387222.1875, 2060994.75, 595.9029541015625), Local=(99.99, -10.01, -2.37)
[DEBUG Subtraction] Sample Pt 4: World=(387202.1875, 2060995.0, 601.8052978515625), Local=(100.54, 9.99, 3.53)
[DEBUG Subtraction] Cavity 'UP_101_040_607': world_center=[387213.394248, 2060914.620413, 598.298897], hw=4.3, hl=11.0, hh=2.25, cz=0.05
[DEBUG Subtraction] Sample Pt 0: World=(387202.1875, 2060994.5, 601.8049926757812), Local=(80.04, 10.00, 3.51)
[DEBUG Subtraction] Sample Pt 1: World=(387222.1875, 2060994.75, 601.8049926757812), Local=(79.99, -10.01, 3.51)
[DEBUG Subtraction] Sample Pt 2: World=(387202.1875, 2060994.5, 595.9029541015625), Local=(80.04, 10.00, -2.40)
[DEBUG Subtraction] Sample Pt 3: World=(387222.1875, 2060994.75, 595.9029541015625), Local=(79.99, -10.01, -2.40)
[DEBUG Subtraction] Sample Pt 4: World=(387202.1875, 2060995.0, 601.8052978515625), Local=(80.54, 9.99, 3.51)
[DEBUG Subtraction] Total points inside cavity: 0
[DEBUG Subtraction] Total cells before subtraction: 162
[DEBUG Subtraction] Total cells after subtraction: 162 (Removed: 0)

[DEBUG Subtraction] Found 2 Under Pass cavities for Material M2
[DEBUG Subtraction] Total points in material mesh: 164
[DEBUG Subtraction] Cavity 'UP_101_020_797': world_center=[387213.6971240551, 2060894.6227065225, 598.2737160177197], hw=4.3, hl=11.0, hh=2.25, cz=0.050000000000000044
[DEBUG Subtraction] Sample Pt 0: World=(387201.875, 2061014.5, 601.8159790039062), Local=(120.04, 10.01, 3.54)
[DEBUG Subtraction] Sample Pt 1: World=(387221.875, 2061014.75, 601.8159790039062), Local=(119.99, -10.00, 3.54)
[DEBUG Subtraction] Sample Pt 2: World=(387201.875, 2061014.5, 595.8660278320312), Local=(120.04, 10.01, -2.41)
[DEBUG Subtraction] Sample Pt 3: World=(387221.875, 2061014.75, 595.8660278320312), Local=(119.99, -10.00, -2.41)
[DEBUG Subtraction] Sample Pt 4: World=(387201.875, 2061015.0, 601.8162841796875), Local=(120.54, 10.00, 3.54)
[DEBUG Subtraction] Cavity 'UP_101_040_607': world_center=[387213.394248, 2060914.620413, 598.298897], hw=4.3, hl=11.0, hh=2.25, cz=0.05
[DEBUG Subtraction] Sample Pt 0: World=(387201.875, 2061014.5, 601.8159790039062), Local=(100.04, 10.01, 3.52)
[DEBUG Subtraction] Sample Pt 1: World=(387221.875, 2061014.75, 601.8159790039062), Local=(99.99, -10.00, 3.52)
[DEBUG Subtraction] Sample Pt 2: World=(387201.875, 2061014.5, 595.8660278320312), Local=(100.04, 10.01, -2.43)
[DEBUG Subtraction] Sample Pt 3: World=(387221.875, 2061014.75, 595.8660278320312), Local=(99.99, -10.00, -2.43)
[DEBUG Subtraction] Sample Pt 4: World=(387201.875, 2061015.0, 601.8162841796875), Local=(100.54, 10.00, 3.52)
[DEBUG Subtraction] Total points inside cavity: 0
[DEBUG Subtraction] Total cells before subtraction: 162
[DEBUG Subtraction] Total cells after subtraction: 162 (Removed: 0)

[DEBUG Subtraction] Found 2 Under Pass cavities for Material M2
[DEBUG Subtraction] Total points in material mesh: 164
[DEBUG Subtraction] Cavity 'UP_101_020_797': world_center=[387213.6971240551, 2060894.6227065225, 598.2737160177197], hw=4.3, hl=11.0, hh=2.25, cz=0.050000000000000044
[DEBUG Subtraction] Sample Pt 0: World=(387201.59375, 2061034.5, 601.8270263671875), Local=(140.04, 9.98, 3.55)
[DEBUG Subtraction] Sample Pt 1: World=(387221.5625, 2061034.75, 601.8270263671875), Local=(139.99, -9.99, 3.55)
[DEBUG Subtraction] Sample Pt 2: World=(387201.59375, 2061034.5, 595.792236328125), Local=(140.04, 9.98, -2.48)
[DEBUG Subtraction] Sample Pt 3: World=(387221.5625, 2061034.75, 595.792236328125), Local=(139.99, -9.99, -2.48)
[DEBUG Subtraction] Sample Pt 4: World=(387201.5625, 2061035.0, 601.8272705078125), Local=(140.54, 10.01, 3.55)
[DEBUG Subtraction] Cavity 'UP_101_040_607': world_center=[387213.394248, 2060914.620413, 598.298897], hw=4.3, hl=11.0, hh=2.25, cz=0.05
[DEBUG Subtraction] Sample Pt 0: World=(387201.59375, 2061034.5, 601.8270263671875), Local=(120.04, 9.98, 3.53)
[DEBUG Subtraction] Sample Pt 1: World=(387221.5625, 2061034.75, 601.8270263671875), Local=(119.99, -9.99, 3.53)
[DEBUG Subtraction] Sample Pt 2: World=(387201.59375, 2061034.5, 595.792236328125), Local=(120.04, 9.98, -2.51)
[DEBUG Subtraction] Sample Pt 3: World=(387221.5625, 2061034.75, 595.792236328125), Local=(119.99, -9.99, -2.51)
[DEBUG Subtraction] Sample Pt 4: World=(387201.5625, 2061035.0, 601.8272705078125), Local=(120.54, 10.01, 3.53)
[DEBUG Subtraction] Total points inside cavity: 0
[DEBUG Subtraction] Total cells before subtraction: 162
[DEBUG Subtraction] Total cells after subtraction: 162 (Removed: 0)

[DEBUG Subtraction] Found 2 Under Pass cavities for Material M2
[DEBUG Subtraction] Total points in material mesh: 164
[DEBUG Subtraction] Cavity 'UP_101_020_797': world_center=[387213.6971240551, 2060894.6227065225, 598.2737160177197], hw=4.3, hl=11.0, hh=2.25, cz=0.050000000000000044
[DEBUG Subtraction] Sample Pt 0: World=(387201.28125, 2061054.5, 601.8389892578125), Local=(160.05, 9.99, 3.57)
[DEBUG Subtraction] Sample Pt 1: World=(387221.28125, 2061054.75, 601.8389892578125), Local=(159.99, -10.01, 3.57)
[DEBUG Subtraction] Sample Pt 2: World=(387201.28125, 2061054.5, 595.8291625976562), Local=(160.05, 9.99, -2.44)
[DEBUG Subtraction] Sample Pt 3: World=(387221.28125, 2061054.75, 595.8291625976562), Local=(159.99, -10.01, -2.44)
[DEBUG Subtraction] Sample Pt 4: World=(387201.28125, 2061055.0, 601.8392944335938), Local=(160.55, 9.99, 3.57)
[DEBUG Subtraction] Cavity 'UP_101_040_607': world_center=[387213.394248, 2060914.620413, 598.298897], hw=4.3, hl=11.0, hh=2.25, cz=0.05
[DEBUG Subtraction] Sample Pt 0: World=(387201.28125, 2061054.5, 601.8389892578125), Local=(140.05, 9.99, 3.54)
[DEBUG Subtraction] Sample Pt 1: World=(387221.28125, 2061054.75, 601.8389892578125), Local=(139.99, -10.01, 3.54)
[DEBUG Subtraction] Sample Pt 2: World=(387201.28125, 2061054.5, 595.8291625976562), Local=(140.05, 9.99, -2.47)
[DEBUG Subtraction] Sample Pt 3: World=(387221.28125, 2061054.75, 595.8291625976562), Local=(139.99, -10.01, -2.47)
[DEBUG Subtraction] Sample Pt 4: World=(387201.28125, 2061055.0, 601.8392944335938), Local=(140.55, 9.99, 3.54)
[DEBUG Subtraction] Total points inside cavity: 0
[DEBUG Subtraction] Total cells before subtraction: 162
[DEBUG Subtraction] Total cells after subtraction: 162 (Removed: 0)

[DEBUG Subtraction] Found 3 Under Pass cavities for Material M2
[DEBUG Subtraction] Total points in material mesh: 164
[DEBUG Subtraction] Cavity 'UP_101_020_797': world_center=[387213.6971240551, 2060894.6227065225, 598.2737160177197], hw=4.3, hl=11.0, hh=2.25, cz=0.050000000000000044
[DEBUG Subtraction] Sample Pt 0: World=(387204.0, 2060874.5, 601.7360229492188), Local=(-19.97, 10.00, 3.46)
[DEBUG Subtraction] Sample Pt 1: World=(387224.0, 2060874.75, 601.7360229492188), Local=(-20.03, -10.00, 3.46)
[DEBUG Subtraction] Sample Pt 2: World=(387204.0, 2060874.5, 595.7553100585938), Local=(-19.97, 10.00, -2.52)
[DEBUG Subtraction] Sample Pt 3: World=(387224.0, 2060874.75, 595.7553100585938), Local=(-20.03, -10.00, -2.52)
[DEBUG Subtraction] Sample Pt 4: World=(387204.0, 2060875.0, 601.736328125), Local=(-19.47, 9.99, 3.46)
[DEBUG Subtraction] Cavity 'UP_101_040_607': world_center=[387213.394248, 2060914.620413, 598.298897], hw=4.3, hl=11.0, hh=2.25, cz=0.05
[DEBUG Subtraction] Sample Pt 0: World=(387204.0, 2060874.5, 601.7360229492188), Local=(-39.97, 10.00, 3.44)
[DEBUG Subtraction] Sample Pt 1: World=(387224.0, 2060874.75, 601.7360229492188), Local=(-40.03, -10.00, 3.44)
[DEBUG Subtraction] Sample Pt 2: World=(387204.0, 2060874.5, 595.7553100585938), Local=(-39.97, 10.00, -2.54)
[DEBUG Subtraction] Sample Pt 3: World=(387224.0, 2060874.75, 595.7553100585938), Local=(-40.03, -10.00, -2.54)
[DEBUG Subtraction] Sample Pt 4: World=(387204.0, 2060875.0, 601.736328125), Local=(-39.47, 9.99, 3.44)
[DEBUG Subtraction] Cavity 'UP_101_058_461': world_center=[387213.12166, 2060932.618349, 598.276234], hw=4.3, hl=11.0, hh=2.25, cz=0.05
[DEBUG Subtraction] Sample Pt 0: World=(387204.0, 2060874.5, 601.7360229492188), Local=(-57.97, 10.00, 3.46)
[DEBUG Subtraction] Sample Pt 1: World=(387224.0, 2060874.75, 601.7360229492188), Local=(-58.03, -10.00, 3.46)
[DEBUG Subtraction] Sample Pt 2: World=(387204.0, 2060874.5, 595.7553100585938), Local=(-57.97, 10.00, -2.52)
[DEBUG Subtraction] Sample Pt 3: World=(387224.0, 2060874.75, 595.7553100585938), Local=(-58.03, -10.00, -2.52)
[DEBUG Subtraction] Sample Pt 4: World=(387204.0, 2060875.0, 601.736328125), Local=(-57.47, 9.99, 3.46)
[DEBUG Subtraction] Total points inside cavity: 0
[DEBUG Subtraction] Total cells before subtraction: 162
[DEBUG Subtraction] Total cells after subtraction: 162 (Removed: 0)

[DEBUG Subtraction] Found 3 Under Pass cavities for Material M2
[DEBUG Subtraction] Total points in material mesh: 164
[DEBUG Subtraction] Cavity 'UP_101_020_797': world_center=[387213.6971240551, 2060894.6227065225, 598.2737160177197], hw=4.3, hl=11.0, hh=2.25, cz=0.050000000000000044
[DEBUG Subtraction] Sample Pt 0: World=(387203.6875, 2060894.5, 601.7479858398438), Local=(0.03, 10.01, 3.47)
[DEBUG Subtraction] Sample Pt 1: World=(387223.6875, 2060894.75, 601.7479858398438), Local=(-0.02, -9.99, 3.47)
[DEBUG Subtraction] Sample Pt 2: World=(387203.6875, 2060894.5, 595.8660278320312), Local=(0.03, 10.01, -2.41)
[DEBUG Subtraction] Sample Pt 3: World=(387223.6875, 2060894.75, 595.8660278320312), Local=(-0.02, -9.99, -2.41)
[DEBUG Subtraction] Sample Pt 4: World=(387203.6875, 2060895.0, 601.748291015625), Local=(0.53, 10.00, 3.47)
[DEBUG Subtraction] Cavity 'UP_101_040_607': world_center=[387213.394248, 2060914.620413, 598.298897], hw=4.3, hl=11.0, hh=2.25, cz=0.05
[DEBUG Subtraction] Sample Pt 0: World=(387203.6875, 2060894.5, 601.7479858398438), Local=(-19.97, 10.01, 3.45)
[DEBUG Subtraction] Sample Pt 1: World=(387223.6875, 2060894.75, 601.7479858398438), Local=(-20.02, -9.99, 3.45)
[DEBUG Subtraction] Sample Pt 2: World=(387203.6875, 2060894.5, 595.8660278320312), Local=(-19.97, 10.01, -2.43)
[DEBUG Subtraction] Sample Pt 3: World=(387223.6875, 2060894.75, 595.8660278320312), Local=(-20.02, -9.99, -2.43)
[DEBUG Subtraction] Sample Pt 4: World=(387203.6875, 2060895.0, 601.748291015625), Local=(-19.47, 10.00, 3.45)
[DEBUG Subtraction] Cavity 'UP_101_058_461': world_center=[387213.12166, 2060932.618349, 598.276234], hw=4.3, hl=11.0, hh=2.25, cz=0.05
[DEBUG Subtraction] Sample Pt 0: World=(387203.6875, 2060894.5, 601.7479858398438), Local=(-37.97, 10.01, 3.47)
[DEBUG Subtraction] Sample Pt 1: World=(387223.6875, 2060894.75, 601.7479858398438), Local=(-38.02, -9.99, 3.47)
[DEBUG Subtraction] Sample Pt 2: World=(387203.6875, 2060894.5, 595.8660278320312), Local=(-37.97, 10.01, -2.41)
[DEBUG Subtraction] Sample Pt 3: World=(387223.6875, 2060894.75, 595.8660278320312), Local=(-38.02, -9.99, -2.41)
[DEBUG Subtraction] Sample Pt 4: World=(387203.6875, 2060895.0, 601.748291015625), Local=(-37.47, 10.00, 3.47)
[DEBUG Subtraction] Total points inside cavity: 0
[DEBUG Subtraction] Total cells before subtraction: 162
[DEBUG Subtraction] Total cells after subtraction: 162 (Removed: 0)

[DEBUG Subtraction] Found 3 Under Pass cavities for Material M2
[DEBUG Subtraction] Total points in material mesh: 164
[DEBUG Subtraction] Cavity 'UP_101_020_797': world_center=[387213.6971240551, 2060894.6227065225, 598.2737160177197], hw=4.3, hl=11.0, hh=2.25, cz=0.050000000000000044
[DEBUG Subtraction] Sample Pt 0: World=(387203.40625, 2060914.5, 601.7589721679688), Local=(20.03, 9.99, 3.49)
[DEBUG Subtraction] Sample Pt 1: World=(387223.40625, 2060914.75, 601.7589721679688), Local=(19.98, -10.01, 3.49)
[DEBUG Subtraction] Sample Pt 2: World=(387203.40625, 2060914.5, 595.8660278320312), Local=(20.03, 9.99, -2.41)
[DEBUG Subtraction] Sample Pt 3: World=(387223.40625, 2060914.75, 595.8660278320312), Local=(19.98, -10.01, -2.41)
[DEBUG Subtraction] Sample Pt 4: World=(387203.375, 2060915.0, 601.75927734375), Local=(20.53, 10.01, 3.49)
[DEBUG Subtraction] Cavity 'UP_101_040_607': world_center=[387213.394248, 2060914.620413, 598.298897], hw=4.3, hl=11.0, hh=2.25, cz=0.05
[DEBUG Subtraction] Sample Pt 0: World=(387203.40625, 2060914.5, 601.7589721679688), Local=(0.03, 9.99, 3.46)
[DEBUG Subtraction] Sample Pt 1: World=(387223.40625, 2060914.75, 601.7589721679688), Local=(-0.02, -10.01, 3.46)
[DEBUG Subtraction] Sample Pt 2: World=(387203.40625, 2060914.5, 595.8660278320312), Local=(0.03, 9.99, -2.43)
[DEBUG Subtraction] Sample Pt 3: World=(387223.40625, 2060914.75, 595.8660278320312), Local=(-0.02, -10.01, -2.43)
[DEBUG Subtraction] Sample Pt 4: World=(387203.375, 2060915.0, 601.75927734375), Local=(0.53, 10.01, 3.46)
[DEBUG Subtraction] Cavity 'UP_101_058_461': world_center=[387213.12166, 2060932.618349, 598.276234], hw=4.3, hl=11.0, hh=2.25, cz=0.05
[DEBUG Subtraction] Sample Pt 0: World=(387203.40625, 2060914.5, 601.7589721679688), Local=(-17.97, 9.99, 3.48)
[DEBUG Subtraction] Sample Pt 1: World=(387223.40625, 2060914.75, 601.7589721679688), Local=(-18.02, -10.01, 3.48)
[DEBUG Subtraction] Sample Pt 2: World=(387203.40625, 2060914.5, 595.8660278320312), Local=(-17.97, 9.99, -2.41)
[DEBUG Subtraction] Sample Pt 3: World=(387223.40625, 2060914.75, 595.8660278320312), Local=(-18.02, -10.01, -2.41)
[DEBUG Subtraction] Sample Pt 4: World=(387203.375, 2060915.0, 601.75927734375), Local=(-17.47, 10.01, 3.48)
[DEBUG Subtraction] Total points inside cavity: 0
[DEBUG Subtraction] Total cells before subtraction: 162
[DEBUG Subtraction] Total cells after subtraction: 162 (Removed: 0)

[DEBUG Subtraction] Found 3 Under Pass cavities for Material M2
[DEBUG Subtraction] Total points in material mesh: 164
[DEBUG Subtraction] Cavity 'UP_101_020_797': world_center=[387213.6971240551, 2060894.6227065225, 598.2737160177197], hw=4.3, hl=11.0, hh=2.25, cz=0.050000000000000044
[DEBUG Subtraction] Sample Pt 0: World=(387203.09375, 2060934.5, 601.77001953125), Local=(40.03, 10.00, 3.50)
[DEBUG Subtraction] Sample Pt 1: World=(387223.09375, 2060934.75, 601.77001953125), Local=(39.98, -10.00, 3.50)
[DEBUG Subtraction] Sample Pt 2: World=(387203.09375, 2060934.5, 595.8291625976562), Local=(40.03, 10.00, -2.44)
[DEBUG Subtraction] Sample Pt 3: World=(387223.09375, 2060934.75, 595.8291625976562), Local=(39.98, -10.00, -2.44)
[DEBUG Subtraction] Sample Pt 4: World=(387203.09375, 2060935.0, 601.7703247070312), Local=(40.53, 9.99, 3.50)
[DEBUG Subtraction] Cavity 'UP_101_040_607': world_center=[387213.394248, 2060914.620413, 598.298897], hw=4.3, hl=11.0, hh=2.25, cz=0.05
[DEBUG Subtraction] Sample Pt 0: World=(387203.09375, 2060934.5, 601.77001953125), Local=(20.03, 10.00, 3.47)
[DEBUG Subtraction] Sample Pt 1: World=(387223.09375, 2060934.75, 601.77001953125), Local=(19.98, -10.00, 3.47)
[DEBUG Subtraction] Sample Pt 2: World=(387203.09375, 2060934.5, 595.8291625976562), Local=(20.03, 10.00, -2.47)
[DEBUG Subtraction] Sample Pt 3: World=(387223.09375, 2060934.75, 595.8291625976562), Local=(19.98, -10.00, -2.47)
[DEBUG Subtraction] Sample Pt 4: World=(387203.09375, 2060935.0, 601.7703247070312), Local=(20.53, 9.99, 3.47)
[DEBUG Subtraction] Cavity 'UP_101_058_461': world_center=[387213.12166, 2060932.618349, 598.276234], hw=4.3, hl=11.0, hh=2.25, cz=0.05
[DEBUG Subtraction] Sample Pt 0: World=(387203.09375, 2060934.5, 601.77001953125), Local=(2.03, 10.00, 3.49)
[DEBUG Subtraction] Sample Pt 1: World=(387223.09375, 2060934.75, 601.77001953125), Local=(1.98, -10.00, 3.49)
[DEBUG Subtraction] Sample Pt 2: World=(387203.09375, 2060934.5, 595.8291625976562), Local=(2.03, 10.00, -2.45)
[DEBUG Subtraction] Sample Pt 3: World=(387223.09375, 2060934.75, 595.8291625976562), Local=(1.98, -10.00, -2.45)
[DEBUG Subtraction] Sample Pt 4: World=(387203.09375, 2060935.0, 601.7703247070312), Local=(2.53, 9.99, 3.49)
[DEBUG Subtraction] Total points inside cavity: 0
[DEBUG Subtraction] Total cells before subtraction: 162
[DEBUG Subtraction] Total cells after subtraction: 162 (Removed: 0)

[DEBUG Subtraction] Found 3 Under Pass cavities for Material M2
[DEBUG Subtraction] Total points in material mesh: 164
[DEBUG Subtraction] Cavity 'UP_101_020_797': world_center=[387213.6971240551, 2060894.6227065225, 598.2737160177197], hw=4.3, hl=11.0, hh=2.25, cz=0.050000000000000044
[DEBUG Subtraction] Sample Pt 0: World=(387202.78125, 2060954.5, 601.781982421875), Local=(60.04, 10.01, 3.51)
[DEBUG Subtraction] Sample Pt 1: World=(387222.78125, 2060954.75, 601.781982421875), Local=(59.98, -9.99, 3.51)
[DEBUG Subtraction] Sample Pt 2: World=(387202.78125, 2060954.5, 595.8291625976562), Local=(60.04, 10.01, -2.44)
[DEBUG Subtraction] Sample Pt 3: World=(387222.78125, 2060954.75, 595.8291625976562), Local=(59.98, -9.99, -2.44)
[DEBUG Subtraction] Sample Pt 4: World=(387202.78125, 2060955.0, 601.7822875976562), Local=(60.54, 10.00, 3.51)
[DEBUG Subtraction] Cavity 'UP_101_040_607': world_center=[387213.394248, 2060914.620413, 598.298897], hw=4.3, hl=11.0, hh=2.25, cz=0.05
[DEBUG Subtraction] Sample Pt 0: World=(387202.78125, 2060954.5, 601.781982421875), Local=(40.04, 10.01, 3.48)
[DEBUG Subtraction] Sample Pt 1: World=(387222.78125, 2060954.75, 601.781982421875), Local=(39.98, -9.99, 3.48)
[DEBUG Subtraction] Sample Pt 2: World=(387202.78125, 2060954.5, 595.8291625976562), Local=(40.04, 10.01, -2.47)
[DEBUG Subtraction] Sample Pt 3: World=(387222.78125, 2060954.75, 595.8291625976562), Local=(39.98, -9.99, -2.47)
[DEBUG Subtraction] Sample Pt 4: World=(387202.78125, 2060955.0, 601.7822875976562), Local=(40.54, 10.00, 3.48)
[DEBUG Subtraction] Cavity 'UP_101_058_461': world_center=[387213.12166, 2060932.618349, 598.276234], hw=4.3, hl=11.0, hh=2.25, cz=0.05
[DEBUG Subtraction] Sample Pt 0: World=(387202.78125, 2060954.5, 601.781982421875), Local=(22.04, 10.01, 3.51)
[DEBUG Subtraction] Sample Pt 1: World=(387222.78125, 2060954.75, 601.781982421875), Local=(21.98, -9.99, 3.51)
[DEBUG Subtraction] Sample Pt 2: World=(387202.78125, 2060954.5, 595.8291625976562), Local=(22.04, 10.01, -2.45)
[DEBUG Subtraction] Sample Pt 3: World=(387222.78125, 2060954.75, 595.8291625976562), Local=(21.98, -9.99, -2.45)
[DEBUG Subtraction] Sample Pt 4: World=(387202.78125, 2060955.0, 601.7822875976562), Local=(22.54, 10.00, 3.51)
[DEBUG Subtraction] Total points inside cavity: 0
[DEBUG Subtraction] Total cells before subtraction: 162
[DEBUG Subtraction] Total cells after subtraction: 162 (Removed: 0)

[DEBUG Subtraction] Found 3 Under Pass cavities for Material M2
[DEBUG Subtraction] Total points in material mesh: 164
[DEBUG Subtraction] Cavity 'UP_101_020_797': world_center=[387213.6971240551, 2060894.6227065225, 598.2737160177197], hw=4.3, hl=11.0, hh=2.25, cz=0.050000000000000044
[DEBUG Subtraction] Sample Pt 0: World=(387202.5, 2060974.5, 601.7930297851562), Local=(80.04, 9.99, 3.52)
[DEBUG Subtraction] Sample Pt 1: World=(387222.5, 2060974.75, 601.7930297851562), Local=(79.98, -10.02, 3.52)
[DEBUG Subtraction] Sample Pt 2: World=(387202.5, 2060974.5, 595.8660278320312), Local=(80.04, 9.99, -2.41)
[DEBUG Subtraction] Sample Pt 3: World=(387222.5, 2060974.75, 595.8660278320312), Local=(79.98, -10.02, -2.41)
[DEBUG Subtraction] Sample Pt 4: World=(387202.46875, 2060975.0, 601.7932739257812), Local=(80.54, 10.01, 3.52)
[DEBUG Subtraction] Cavity 'UP_101_040_607': world_center=[387213.394248, 2060914.620413, 598.298897], hw=4.3, hl=11.0, hh=2.25, cz=0.05
[DEBUG Subtraction] Sample Pt 0: World=(387202.5, 2060974.5, 601.7930297851562), Local=(60.04, 9.99, 3.49)
[DEBUG Subtraction] Sample Pt 1: World=(387222.5, 2060974.75, 601.7930297851562), Local=(59.98, -10.02, 3.49)
[DEBUG Subtraction] Sample Pt 2: World=(387202.5, 2060974.5, 595.8660278320312), Local=(60.04, 9.99, -2.43)
[DEBUG Subtraction] Sample Pt 3: World=(387222.5, 2060974.75, 595.8660278320312), Local=(59.98, -10.02, -2.43)
[DEBUG Subtraction] Sample Pt 4: World=(387202.46875, 2060975.0, 601.7932739257812), Local=(60.54, 10.01, 3.49)
[DEBUG Subtraction] Cavity 'UP_101_058_461': world_center=[387213.12166, 2060932.618349, 598.276234], hw=4.3, hl=11.0, hh=2.25, cz=0.05
[DEBUG Subtraction] Sample Pt 0: World=(387202.5, 2060974.5, 601.7930297851562), Local=(42.04, 9.99, 3.52)
[DEBUG Subtraction] Sample Pt 1: World=(387222.5, 2060974.75, 601.7930297851562), Local=(41.98, -10.02, 3.52)
[DEBUG Subtraction] Sample Pt 2: World=(387202.5, 2060974.5, 595.8660278320312), Local=(42.04, 9.99, -2.41)
[DEBUG Subtraction] Sample Pt 3: World=(387222.5, 2060974.75, 595.8660278320312), Local=(41.98, -10.02, -2.41)
[DEBUG Subtraction] Sample Pt 4: World=(387202.46875, 2060975.0, 601.7932739257812), Local=(42.54, 10.01, 3.52)
[DEBUG Subtraction] Total points inside cavity: 0
[DEBUG Subtraction] Total cells before subtraction: 162
[DEBUG Subtraction] Total cells after subtraction: 162 (Removed: 0)

[DEBUG Subtraction] Found 3 Under Pass cavities for Material M2
[DEBUG Subtraction] Total points in material mesh: 164
[DEBUG Subtraction] Cavity 'UP_101_020_797': world_center=[387213.6971240551, 2060894.6227065225, 598.2737160177197], hw=4.3, hl=11.0, hh=2.25, cz=0.050000000000000044
[DEBUG Subtraction] Sample Pt 0: World=(387202.1875, 2060994.5, 601.8049926757812), Local=(100.04, 10.00, 3.53)
[DEBUG Subtraction] Sample Pt 1: World=(387222.1875, 2060994.75, 601.8049926757812), Local=(99.99, -10.01, 3.53)
[DEBUG Subtraction] Sample Pt 2: World=(387202.1875, 2060994.5, 595.9029541015625), Local=(100.04, 10.00, -2.37)
[DEBUG Subtraction] Sample Pt 3: World=(387222.1875, 2060994.75, 595.9029541015625), Local=(99.99, -10.01, -2.37)
[DEBUG Subtraction] Sample Pt 4: World=(387202.1875, 2060995.0, 601.8052978515625), Local=(100.54, 9.99, 3.53)
[DEBUG Subtraction] Cavity 'UP_101_040_607': world_center=[387213.394248, 2060914.620413, 598.298897], hw=4.3, hl=11.0, hh=2.25, cz=0.05
[DEBUG Subtraction] Sample Pt 0: World=(387202.1875, 2060994.5, 601.8049926757812), Local=(80.04, 10.00, 3.51)
[DEBUG Subtraction] Sample Pt 1: World=(387222.1875, 2060994.75, 601.8049926757812), Local=(79.99, -10.01, 3.51)
[DEBUG Subtraction] Sample Pt 2: World=(387202.1875, 2060994.5, 595.9029541015625), Local=(80.04, 10.00, -2.40)
[DEBUG Subtraction] Sample Pt 3: World=(387222.1875, 2060994.75, 595.9029541015625), Local=(79.99, -10.01, -2.40)
[DEBUG Subtraction] Sample Pt 4: World=(387202.1875, 2060995.0, 601.8052978515625), Local=(80.54, 9.99, 3.51)
[DEBUG Subtraction] Cavity 'UP_101_058_461': world_center=[387213.12166, 2060932.618349, 598.276234], hw=4.3, hl=11.0, hh=2.25, cz=0.05
[DEBUG Subtraction] Sample Pt 0: World=(387202.1875, 2060994.5, 601.8049926757812), Local=(62.04, 10.00, 3.53)
[DEBUG Subtraction] Sample Pt 1: World=(387222.1875, 2060994.75, 601.8049926757812), Local=(61.99, -10.01, 3.53)
[DEBUG Subtraction] Sample Pt 2: World=(387202.1875, 2060994.5, 595.9029541015625), Local=(62.04, 10.00, -2.37)
[DEBUG Subtraction] Sample Pt 3: World=(387222.1875, 2060994.75, 595.9029541015625), Local=(61.99, -10.01, -2.37)
[DEBUG Subtraction] Sample Pt 4: World=(387202.1875, 2060995.0, 601.8052978515625), Local=(62.54, 9.99, 3.53)
[DEBUG Subtraction] Total points inside cavity: 0
[DEBUG Subtraction] Total cells before subtraction: 162
[DEBUG Subtraction] Total cells after subtraction: 162 (Removed: 0)

[DEBUG Subtraction] Found 3 Under Pass cavities for Material M2
[DEBUG Subtraction] Total points in material mesh: 164
[DEBUG Subtraction] Cavity 'UP_101_020_797': world_center=[387213.6971240551, 2060894.6227065225, 598.2737160177197], hw=4.3, hl=11.0, hh=2.25, cz=0.050000000000000044
[DEBUG Subtraction] Sample Pt 0: World=(387201.875, 2061014.5, 601.8159790039062), Local=(120.04, 10.01, 3.54)
[DEBUG Subtraction] Sample Pt 1: World=(387221.875, 2061014.75, 601.8159790039062), Local=(119.99, -10.00, 3.54)
[DEBUG Subtraction] Sample Pt 2: World=(387201.875, 2061014.5, 595.8660278320312), Local=(120.04, 10.01, -2.41)
[DEBUG Subtraction] Sample Pt 3: World=(387221.875, 2061014.75, 595.8660278320312), Local=(119.99, -10.00, -2.41)
[DEBUG Subtraction] Sample Pt 4: World=(387201.875, 2061015.0, 601.8162841796875), Local=(120.54, 10.00, 3.54)
[DEBUG Subtraction] Cavity 'UP_101_040_607': world_center=[387213.394248, 2060914.620413, 598.298897], hw=4.3, hl=11.0, hh=2.25, cz=0.05
[DEBUG Subtraction] Sample Pt 0: World=(387201.875, 2061014.5, 601.8159790039062), Local=(100.04, 10.01, 3.52)
[DEBUG Subtraction] Sample Pt 1: World=(387221.875, 2061014.75, 601.8159790039062), Local=(99.99, -10.00, 3.52)
[DEBUG Subtraction] Sample Pt 2: World=(387201.875, 2061014.5, 595.8660278320312), Local=(100.04, 10.01, -2.43)
[DEBUG Subtraction] Sample Pt 3: World=(387221.875, 2061014.75, 595.8660278320312), Local=(99.99, -10.00, -2.43)
[DEBUG Subtraction] Sample Pt 4: World=(387201.875, 2061015.0, 601.8162841796875), Local=(100.54, 10.00, 3.52)
[DEBUG Subtraction] Cavity 'UP_101_058_461': world_center=[387213.12166, 2060932.618349, 598.276234], hw=4.3, hl=11.0, hh=2.25, cz=0.05
[DEBUG Subtraction] Sample Pt 0: World=(387201.875, 2061014.5, 601.8159790039062), Local=(82.04, 10.01, 3.54)
[DEBUG Subtraction] Sample Pt 1: World=(387221.875, 2061014.75, 601.8159790039062), Local=(81.99, -10.00, 3.54)
[DEBUG Subtraction] Sample Pt 2: World=(387201.875, 2061014.5, 595.8660278320312), Local=(82.04, 10.01, -2.41)
[DEBUG Subtraction] Sample Pt 3: World=(387221.875, 2061014.75, 595.8660278320312), Local=(81.99, -10.00, -2.41)
[DEBUG Subtraction] Sample Pt 4: World=(387201.875, 2061015.0, 601.8162841796875), Local=(82.54, 10.00, 3.54)
[DEBUG Subtraction] Total points inside cavity: 0
[DEBUG Subtraction] Total cells before subtraction: 162
[DEBUG Subtraction] Total cells after subtraction: 162 (Removed: 0)

[DEBUG Subtraction] Found 3 Under Pass cavities for Material M2
[DEBUG Subtraction] Total points in material mesh: 164
[DEBUG Subtraction] Cavity 'UP_101_020_797': world_center=[387213.6971240551, 2060894.6227065225, 598.2737160177197], hw=4.3, hl=11.0, hh=2.25, cz=0.050000000000000044
[DEBUG Subtraction] Sample Pt 0: World=(387201.59375, 2061034.5, 601.8270263671875), Local=(140.04, 9.98, 3.55)
[DEBUG Subtraction] Sample Pt 1: World=(387221.5625, 2061034.75, 601.8270263671875), Local=(139.99, -9.99, 3.55)
[DEBUG Subtraction] Sample Pt 2: World=(387201.59375, 2061034.5, 595.792236328125), Local=(140.04, 9.98, -2.48)
[DEBUG Subtraction] Sample Pt 3: World=(387221.5625, 2061034.75, 595.792236328125), Local=(139.99, -9.99, -2.48)
[DEBUG Subtraction] Sample Pt 4: World=(387201.5625, 2061035.0, 601.8272705078125), Local=(140.54, 10.01, 3.55)
[DEBUG Subtraction] Cavity 'UP_101_040_607': world_center=[387213.394248, 2060914.620413, 598.298897], hw=4.3, hl=11.0, hh=2.25, cz=0.05
[DEBUG Subtraction] Sample Pt 0: World=(387201.59375, 2061034.5, 601.8270263671875), Local=(120.04, 9.98, 3.53)
[DEBUG Subtraction] Sample Pt 1: World=(387221.5625, 2061034.75, 601.8270263671875), Local=(119.99, -9.99, 3.53)
[DEBUG Subtraction] Sample Pt 2: World=(387201.59375, 2061034.5, 595.792236328125), Local=(120.04, 9.98, -2.51)
[DEBUG Subtraction] Sample Pt 3: World=(387221.5625, 2061034.75, 595.792236328125), Local=(119.99, -9.99, -2.51)
[DEBUG Subtraction] Sample Pt 4: World=(387201.5625, 2061035.0, 601.8272705078125), Local=(120.54, 10.01, 3.53)
[DEBUG Subtraction] Cavity 'UP_101_058_461': world_center=[387213.12166, 2060932.618349, 598.276234], hw=4.3, hl=11.0, hh=2.25, cz=0.05
[DEBUG Subtraction] Sample Pt 0: World=(387201.59375, 2061034.5, 601.8270263671875), Local=(102.04, 9.98, 3.55)
[DEBUG Subtraction] Sample Pt 1: World=(387221.5625, 2061034.75, 601.8270263671875), Local=(101.99, -9.99, 3.55)
[DEBUG Subtraction] Sample Pt 2: World=(387201.59375, 2061034.5, 595.792236328125), Local=(102.04, 9.98, -2.48)
[DEBUG Subtraction] Sample Pt 3: World=(387221.5625, 2061034.75, 595.792236328125), Local=(101.99, -9.99, -2.48)
[DEBUG Subtraction] Sample Pt 4: World=(387201.5625, 2061035.0, 601.8272705078125), Local=(102.54, 10.01, 3.55)
[DEBUG Subtraction] Total points inside cavity: 0
[DEBUG Subtraction] Total cells before subtraction: 162
[DEBUG Subtraction] Total cells after subtraction: 162 (Removed: 0)

[DEBUG Subtraction] Found 3 Under Pass cavities for Material M2
[DEBUG Subtraction] Total points in material mesh: 164
[DEBUG Subtraction] Cavity 'UP_101_020_797': world_center=[387213.6971240551, 2060894.6227065225, 598.2737160177197], hw=4.3, hl=11.0, hh=2.25, cz=0.050000000000000044
[DEBUG Subtraction] Sample Pt 0: World=(387201.28125, 2061054.5, 601.8389892578125), Local=(160.05, 9.99, 3.57)
[DEBUG Subtraction] Sample Pt 1: World=(387221.28125, 2061054.75, 601.8389892578125), Local=(159.99, -10.01, 3.57)
[DEBUG Subtraction] Sample Pt 2: World=(387201.28125, 2061054.5, 595.8291625976562), Local=(160.05, 9.99, -2.44)
[DEBUG Subtraction] Sample Pt 3: World=(387221.28125, 2061054.75, 595.8291625976562), Local=(159.99, -10.01, -2.44)
[DEBUG Subtraction] Sample Pt 4: World=(387201.28125, 2061055.0, 601.8392944335938), Local=(160.55, 9.99, 3.57)
[DEBUG Subtraction] Cavity 'UP_101_040_607': world_center=[387213.394248, 2060914.620413, 598.298897], hw=4.3, hl=11.0, hh=2.25, cz=0.05
[DEBUG Subtraction] Sample Pt 0: World=(387201.28125, 2061054.5, 601.8389892578125), Local=(140.05, 9.99, 3.54)
[DEBUG Subtraction] Sample Pt 1: World=(387221.28125, 2061054.75, 601.8389892578125), Local=(139.99, -10.01, 3.54)
[DEBUG Subtraction] Sample Pt 2: World=(387201.28125, 2061054.5, 595.8291625976562), Local=(140.05, 9.99, -2.47)
[DEBUG Subtraction] Sample Pt 3: World=(387221.28125, 2061054.75, 595.8291625976562), Local=(139.99, -10.01, -2.47)
[DEBUG Subtraction] Sample Pt 4: World=(387201.28125, 2061055.0, 601.8392944335938), Local=(140.55, 9.99, 3.54)
[DEBUG Subtraction] Cavity 'UP_101_058_461': world_center=[387213.12166, 2060932.618349, 598.276234], hw=4.3, hl=11.0, hh=2.25, cz=0.05
[DEBUG Subtraction] Sample Pt 0: World=(387201.28125, 2061054.5, 601.8389892578125), Local=(122.05, 9.99, 3.56)
[DEBUG Subtraction] Sample Pt 1: World=(387221.28125, 2061054.75, 601.8389892578125), Local=(121.99, -10.01, 3.56)
[DEBUG Subtraction] Sample Pt 2: World=(387201.28125, 2061054.5, 595.8291625976562), Local=(122.05, 9.99, -2.45)
[DEBUG Subtraction] Sample Pt 3: World=(387221.28125, 2061054.75, 595.8291625976562), Local=(121.99, -10.01, -2.45)
[DEBUG Subtraction] Sample Pt 4: World=(387201.28125, 2061055.0, 601.8392944335938), Local=(122.55, 9.99, 3.56)
[DEBUG Subtraction] Total points inside cavity: 0
[DEBUG Subtraction] Total cells before subtraction: 162
[DEBUG Subtraction] Total cells after subtraction: 162 (Removed: 0)
